(/ 898489636 825764965985117159)
4353551563
2929425374
1
4084883705
551155618
(/ -4530398663 4155063270143114460)
3139472388
(/ 1 2121735993)
1
